[0.560s] Invoking command in '/home/ege/kuartis_ws/build/bicycle_model': PYTHONPATH=/home/ege/kuartis_ws/build/bicycle_model/prefix_override:/usr/lib/python3/dist-packages/colcon_core/task/python/colcon_distutils_commands:/home/ege/kuartis_ws/install/bicycle_model/lib/python3.10/site-packages:${PYTHONPATH} _=/usr/bin/env /usr/bin/python3 -W ignore:setup.py install is deprecated setup.py develop --editable --build-directory /home/ege/kuartis_ws/build/bicycle_model/build --no-deps symlink_data
[0.764s] running develop
[0.902s] running egg_info
[0.902s] creating bicycle_model.egg-info
[0.902s] writing bicycle_model.egg-info/PKG-INFO
[0.902s] writing dependency_links to bicycle_model.egg-info/dependency_links.txt
[0.902s] writing entry points to bicycle_model.egg-info/entry_points.txt
[0.903s] writing requirements to bicycle_model.egg-info/requires.txt
[0.903s] writing top-level names to bicycle_model.egg-info/top_level.txt
[0.903s] writing manifest file 'bicycle_model.egg-info/SOURCES.txt'
[0.904s] reading manifest file 'bicycle_model.egg-info/SOURCES.txt'
[0.904s] writing manifest file 'bicycle_model.egg-info/SOURCES.txt'
[0.905s] running build_ext
[0.905s] Creating /home/ege/kuartis_ws/install/bicycle_model/lib/python3.10/site-packages/bicycle-model.egg-link (link to .)
[0.906s] 
[0.906s] Installed /home/ege/kuartis_ws/build/bicycle_model
[0.906s] running symlink_data
[0.906s] creating /home/ege/kuartis_ws/install/bicycle_model/share/ament_index
[0.906s] creating /home/ege/kuartis_ws/install/bicycle_model/share/ament_index/resource_index
[0.906s] creating /home/ege/kuartis_ws/install/bicycle_model/share/ament_index/resource_index/packages
[0.906s] symbolically linking /home/ege/kuartis_ws/build/bicycle_model/resource/bicycle_model -> /home/ege/kuartis_ws/install/bicycle_model/share/ament_index/resource_index/packages
[0.906s] symbolically linking /home/ege/kuartis_ws/build/bicycle_model/package.xml -> /home/ege/kuartis_ws/install/bicycle_model/share/bicycle_model
[0.925s] Invoked command in '/home/ege/kuartis_ws/build/bicycle_model' returned '0': PYTHONPATH=/home/ege/kuartis_ws/build/bicycle_model/prefix_override:/usr/lib/python3/dist-packages/colcon_core/task/python/colcon_distutils_commands:/home/ege/kuartis_ws/install/bicycle_model/lib/python3.10/site-packages:${PYTHONPATH} _=/usr/bin/env /usr/bin/python3 -W ignore:setup.py install is deprecated setup.py develop --editable --build-directory /home/ege/kuartis_ws/build/bicycle_model/build --no-deps symlink_data
